[     188ms] [INFO] %cDownload the React DevTools for a better development experience: https://react.dev/link/react-devtools font-weight:bold @ http://localhost:3000/_next/static/chunks/01-b_next_dist_0r6dg19._.js:2489
[     225ms] [LOG] [HMR] connected @ http://localhost:3000/_next/static/chunks/01-b_next_dist_0r6dg19._.js:2489
[   10259ms] [LOG] [Fast Refresh] rebuilding @ http://localhost:3000/_next/static/chunks/01-b_next_dist_0r6dg19._.js:2489
[   11438ms] [LOG] [Fast Refresh] done in 651ms @ http://localhost:3000/_next/static/chunks/01-b_next_dist_0r6dg19._.js:2489
[   11625ms] [LOG] [Fast Refresh] rebuilding @ http://localhost:3000/_next/static/chunks/01-b_next_dist_0r6dg19._.js:2489
[   11635ms] [LOG] [Fast Refresh] done in 110ms @ http://localhost:3000/_next/static/chunks/01-b_next_dist_0r6dg19._.js:2489
[   12383ms] [INFO] %cDownload the React DevTools for a better development experience: https://react.dev/link/react-devtools font-weight:bold @ http://localhost:3000/_next/static/chunks/01-b_next_dist_0r6dg19._.js:2489
[   12412ms] [LOG] [HMR] connected @ http://localhost:3000/_next/static/chunks/01-b_next_dist_0r6dg19._.js:2489
[   12613ms] [LOG] [Fast Refresh] rebuilding @ http://localhost:3000/_next/static/chunks/01-b_next_dist_0r6dg19._.js:2489
[   12893ms] [LOG] [Fast Refresh] done in 380ms @ http://localhost:3000/_next/static/chunks/01-b_next_dist_0r6dg19._.js:2489
[   15805ms] [WARNING] The resource http://localhost:3000/_next/static/media/70e3db2de7f94926-s.p.39pl-v7c3qrze.woff2 was preloaded using link preload but not used within a few seconds from the window's load event. Please make sure it has an appropriate `as` value and it is preloaded intentionally. @ http://localhost:3000/:0
[   15805ms] [WARNING] The resource http://localhost:3000/_next/static/media/2a65768255d6b625-s.p.3u4lli0-axodc.woff2 was preloaded using link preload but not used within a few seconds from the window's load event. Please make sure it has an appropriate `as` value and it is preloaded intentionally. @ http://localhost:3000/:0
[   28306ms] [WARNING] The resource http://localhost:3000/_next/static/media/70e3db2de7f94926-s.p.39pl-v7c3qrze.woff2 was preloaded using link preload but not used within a few seconds from the window's load event. Please make sure it has an appropriate `as` value and it is preloaded intentionally. @ http://localhost:3000/:0
[   28306ms] [WARNING] The resource http://localhost:3000/_next/static/media/2a65768255d6b625-s.p.3u4lli0-axodc.woff2 was preloaded using link preload but not used within a few seconds from the window's load event. Please make sure it has an appropriate `as` value and it is preloaded intentionally. @ http://localhost:3000/:0
[   74406ms] [WARNING] The resource http://localhost:3000/_next/static/media/70e3db2de7f94926-s.p.39pl-v7c3qrze.woff2 was preloaded using link preload but not used within a few seconds from the window's load event. Please make sure it has an appropriate `as` value and it is preloaded intentionally. @ http://localhost:3000/:0
[   74406ms] [WARNING] The resource http://localhost:3000/_next/static/media/2a65768255d6b625-s.p.3u4lli0-axodc.woff2 was preloaded using link preload but not used within a few seconds from the window's load event. Please make sure it has an appropriate `as` value and it is preloaded intentionally. @ http://localhost:3000/:0
[  209801ms] [LOG] [Fast Refresh] rebuilding @ http://localhost:3000/_next/static/chunks/01-b_next_dist_0r6dg19._.js:2489
[  209853ms] [LOG] [Fast Refresh] done in 153ms @ http://localhost:3000/_next/static/chunks/01-b_next_dist_0r6dg19._.js:2489
[  458671ms] [LOG] [Fast Refresh] rebuilding @ http://localhost:3000/_next/static/chunks/01-b_next_dist_0r6dg19._.js:2489
[  458715ms] [LOG] [Fast Refresh] done in 50ms @ http://localhost:3000/_next/static/chunks/01-b_next_dist_0r6dg19._.js:2489
[  631178ms] [LOG] [Fast Refresh] rebuilding @ http://localhost:3000/_next/static/chunks/01-b_next_dist_0r6dg19._.js:2489
[  631242ms] ReferenceError: PetalField is not defined
    at WelcomeSection (http://localhost:3000/_next/static/chunks/src_120369p._.js?id=%255Bproject%255D%252Fsrc%252Fcomponents%252Finvitation%252Fopening-section.tsx+%255Bapp-client%255D+%2528ecmascript%2529:138:417)
    at Object.react_stack_bottom_frame (http://localhost:3000/_next/static/chunks/01-b_next_dist_compiled_react-dom_1p0ay9y._.js:15037:24)
    at renderWithHooks (http://localhost:3000/_next/static/chunks/01-b_next_dist_compiled_react-dom_1p0ay9y._.js:4620:24)
    at updateFunctionComponent (http://localhost:3000/_next/static/chunks/01-b_next_dist_compiled_react-dom_1p0ay9y._.js:6081:21)
    at beginWork (http://localhost:3000/_next/static/chunks/01-b_next_dist_compiled_react-dom_1p0ay9y._.js:6691:24)
    at runWithFiberInDEV (http://localhost:3000/_next/static/chunks/01-b_next_dist_compiled_react-dom_1p0ay9y._.js:965:74)
    at performUnitOfWork (http://localhost:3000/_next/static/chunks/01-b_next_dist_compiled_react-dom_1p0ay9y._.js:9555:97)
    at workLoopSync (http://localhost:3000/_next/static/chunks/01-b_next_dist_compiled_react-dom_1p0ay9y._.js:9449:40)
    at renderRootSync (http://localhost:3000/_next/static/chunks/01-b_next_dist_compiled_react-dom_1p0ay9y._.js:9433:13)
    at performWorkOnRoot (http://localhost:3000/_next/static/chunks/01-b_next_dist_compiled_react-dom_1p0ay9y._.js:9098:47)
    at performSyncWorkOnRoot (http://localhost:3000/_next/static/chunks/01-b_next_dist_compiled_react-dom_1p0ay9y._.js:10263:9)
    at flushSyncWorkAcrossRoots_impl (http://localhost:3000/_next/static/chunks/01-b_next_dist_compiled_react-dom_1p0ay9y._.js:10179:316)
    at flushSyncWork$1 (http://localhost:3000/_next/static/chunks/01-b_next_dist_compiled_react-dom_1p0ay9y._.js:9230:86)
    at Object.scheduleRefresh (http://localhost:3000/_next/static/chunks/01-b_next_dist_compiled_react-dom_1p0ay9y._.js:299:13)
    at http://localhost:3000/_next/static/chunks/01-b_next_dist_compiled_00v-3vp._.js:391:33
    at Set.forEach (<anonymous>)
    at Object.performReactRefresh (http://localhost:3000/_next/static/chunks/01-b_next_dist_compiled_00v-3vp._.js:384:38)
    at applyUpdate (http://localhost:3000/_next/static/chunks/01-b_next_dist_compiled_00v-3vp._.js:878:31)
    at http://localhost:3000/_next/static/chunks/01-b_next_dist_compiled_00v-3vp._.js:886:13
[  631235ms] [LOG] [Fast Refresh] done in 77ms @ http://localhost:3000/_next/static/chunks/01-b_next_dist_0r6dg19._.js:2489
[  933139ms] [LOG] [Fast Refresh] rebuilding @ http://localhost:3000/_next/static/chunks/01-b_next_dist_0r6dg19._.js:2489
[  933142ms] [WARNING] [Fast Refresh] performing full reload because your application had an unrecoverable error @ http://localhost:3000/_next/static/chunks/01-b_next_dist_0r6dg19._.js:2489
[  933333ms] TypeError: Failed to construct 'Image': Please use the 'new' operator, this DOM object constructor cannot be called as a function.
    at Object.react_stack_bottom_frame (http://localhost:3000/_next/static/chunks/01-b_next_dist_compiled_react-dom_1p0ay9y._.js:15037:24)
    at renderWithHooks (http://localhost:3000/_next/static/chunks/01-b_next_dist_compiled_react-dom_1p0ay9y._.js:4620:24)
    at updateFunctionComponent (http://localhost:3000/_next/static/chunks/01-b_next_dist_compiled_react-dom_1p0ay9y._.js:6081:21)
    at beginWork (http://localhost:3000/_next/static/chunks/01-b_next_dist_compiled_react-dom_1p0ay9y._.js:6691:24)
    at runWithFiberInDEV (http://localhost:3000/_next/static/chunks/01-b_next_dist_compiled_react-dom_1p0ay9y._.js:965:74)
    at performUnitOfWork (http://localhost:3000/_next/static/chunks/01-b_next_dist_compiled_react-dom_1p0ay9y._.js:9555:97)
    at workLoopSync (http://localhost:3000/_next/static/chunks/01-b_next_dist_compiled_react-dom_1p0ay9y._.js:9449:40)
    at renderRootSync (http://localhost:3000/_next/static/chunks/01-b_next_dist_compiled_react-dom_1p0ay9y._.js:9433:13)
    at performWorkOnRoot (http://localhost:3000/_next/static/chunks/01-b_next_dist_compiled_react-dom_1p0ay9y._.js:9098:47)
    at performSyncWorkOnRoot (http://localhost:3000/_next/static/chunks/01-b_next_dist_compiled_react-dom_1p0ay9y._.js:10263:9)
    at flushSyncWorkAcrossRoots_impl (http://localhost:3000/_next/static/chunks/01-b_next_dist_compiled_react-dom_1p0ay9y._.js:10179:316)
    at flushSyncWork$1 (http://localhost:3000/_next/static/chunks/01-b_next_dist_compiled_react-dom_1p0ay9y._.js:9230:86)
    at Object.scheduleRefresh (http://localhost:3000/_next/static/chunks/01-b_next_dist_compiled_react-dom_1p0ay9y._.js:299:13)
    at http://localhost:3000/_next/static/chunks/01-b_next_dist_compiled_00v-3vp._.js:391:33
    at Set.forEach (<anonymous>)
    at Object.performReactRefresh (http://localhost:3000/_next/static/chunks/01-b_next_dist_compiled_00v-3vp._.js:384:38)
    at applyUpdate (http://localhost:3000/_next/static/chunks/01-b_next_dist_compiled_00v-3vp._.js:878:31)
    at http://localhost:3000/_next/static/chunks/01-b_next_dist_compiled_00v-3vp._.js:886:13
[  933179ms] [LOG] [Fast Refresh] done in 55ms @ http://localhost:3000/_next/static/chunks/01-b_next_dist_0r6dg19._.js:2489
[  933452ms] [LOG] [Fast Refresh] rebuilding @ http://localhost:3000/_next/static/chunks/01-b_next_dist_0r6dg19._.js:2489
[  933461ms] [LOG] [Fast Refresh] done in 109ms @ http://localhost:3000/_next/static/chunks/01-b_next_dist_0r6dg19._.js:2489
[  933498ms] [ERROR] Failed to load resource: the server responded with a status of 500 (Internal Server Error) @ http://localhost:3000/:0
[  933619ms] [INFO] %cDownload the React DevTools for a better development experience: https://react.dev/link/react-devtools font-weight:bold @ http://localhost:3000/_next/static/chunks/01-b_next_dist_0r6dg19._.js:2489
[  933690ms] [LOG] [HMR] connected @ http://localhost:3000/_next/static/chunks/01-b_next_dist_0r6dg19._.js:2489
[  933983ms] TypeError: Failed to construct 'Image': Please use the 'new' operator, this DOM object constructor cannot be called as a function.
    at Object.react_stack_bottom_frame (http://localhost:3000/_next/static/chunks/01-b_next_dist_compiled_react-dom_1p0ay9y._.js:15037:24)
    at renderWithHooks (http://localhost:3000/_next/static/chunks/01-b_next_dist_compiled_react-dom_1p0ay9y._.js:4620:24)
    at updateFunctionComponent (http://localhost:3000/_next/static/chunks/01-b_next_dist_compiled_react-dom_1p0ay9y._.js:6081:21)
    at beginWork (http://localhost:3000/_next/static/chunks/01-b_next_dist_compiled_react-dom_1p0ay9y._.js:6691:24)
    at runWithFiberInDEV (http://localhost:3000/_next/static/chunks/01-b_next_dist_compiled_react-dom_1p0ay9y._.js:965:74)
    at performUnitOfWork (http://localhost:3000/_next/static/chunks/01-b_next_dist_compiled_react-dom_1p0ay9y._.js:9555:97)
    at workLoopSync (http://localhost:3000/_next/static/chunks/01-b_next_dist_compiled_react-dom_1p0ay9y._.js:9449:40)
    at renderRootSync (http://localhost:3000/_next/static/chunks/01-b_next_dist_compiled_react-dom_1p0ay9y._.js:9433:13)
    at performWorkOnRoot (http://localhost:3000/_next/static/chunks/01-b_next_dist_compiled_react-dom_1p0ay9y._.js:9098:47)
    at performWorkOnRootViaSchedulerTask (http://localhost:3000/_next/static/chunks/01-b_next_dist_compiled_react-dom_1p0ay9y._.js:10255:9)
    at MessagePort.performWorkUntilDeadline (http://localhost:3000/_next/static/chunks/01-b_next_dist_compiled_00v-3vp._.js:2647:64)
[  934247ms] [LOG] [Fast Refresh] rebuilding @ http://localhost:3000/_next/static/chunks/01-b_next_dist_0r6dg19._.js:2489
[  934284ms] [LOG] [Fast Refresh] done in 138ms @ http://localhost:3000/_next/static/chunks/01-b_next_dist_0r6dg19._.js:2489
[ 1054229ms] [LOG] [Fast Refresh] rebuilding @ http://localhost:3000/_next/static/chunks/01-b_next_dist_0r6dg19._.js:2489
[ 1054233ms] [WARNING] [Fast Refresh] performing full reload because your application had an unrecoverable error @ http://localhost:3000/_next/static/chunks/01-b_next_dist_0r6dg19._.js:2489
[ 1054297ms] [LOG] [Fast Refresh] done in 83ms @ http://localhost:3000/_next/static/chunks/01-b_next_dist_0r6dg19._.js:2489
[ 1054568ms] [ERROR] Failed to load resource: the server responded with a status of 500 (Internal Server Error) @ http://localhost:3000/:0
[ 1054729ms] [INFO] %cDownload the React DevTools for a better development experience: https://react.dev/link/react-devtools font-weight:bold @ http://localhost:3000/_next/static/chunks/01-b_next_dist_0r6dg19._.js:2489
[ 1054809ms] [LOG] [HMR] connected @ http://localhost:3000/_next/static/chunks/01-b_next_dist_0r6dg19._.js:2489
[ 1055082ms] TypeError: Failed to construct 'Image': Please use the 'new' operator, this DOM object constructor cannot be called as a function.
    at Object.react_stack_bottom_frame (http://localhost:3000/_next/static/chunks/01-b_next_dist_compiled_react-dom_1p0ay9y._.js:15037:24)
    at renderWithHooks (http://localhost:3000/_next/static/chunks/01-b_next_dist_compiled_react-dom_1p0ay9y._.js:4620:24)
    at updateFunctionComponent (http://localhost:3000/_next/static/chunks/01-b_next_dist_compiled_react-dom_1p0ay9y._.js:6081:21)
    at beginWork (http://localhost:3000/_next/static/chunks/01-b_next_dist_compiled_react-dom_1p0ay9y._.js:6691:24)
    at runWithFiberInDEV (http://localhost:3000/_next/static/chunks/01-b_next_dist_compiled_react-dom_1p0ay9y._.js:965:74)
    at performUnitOfWork (http://localhost:3000/_next/static/chunks/01-b_next_dist_compiled_react-dom_1p0ay9y._.js:9555:97)
    at workLoopSync (http://localhost:3000/_next/static/chunks/01-b_next_dist_compiled_react-dom_1p0ay9y._.js:9449:40)
    at renderRootSync (http://localhost:3000/_next/static/chunks/01-b_next_dist_compiled_react-dom_1p0ay9y._.js:9433:13)
    at performWorkOnRoot (http://localhost:3000/_next/static/chunks/01-b_next_dist_compiled_react-dom_1p0ay9y._.js:9098:47)
    at performWorkOnRootViaSchedulerTask (http://localhost:3000/_next/static/chunks/01-b_next_dist_compiled_react-dom_1p0ay9y._.js:10255:9)
    at MessagePort.performWorkUntilDeadline (http://localhost:3000/_next/static/chunks/01-b_next_dist_compiled_00v-3vp._.js:2647:64)
[ 1076510ms] [LOG] [Fast Refresh] rebuilding @ http://localhost:3000/_next/static/chunks/01-b_next_dist_0r6dg19._.js:2489
[ 1076511ms] [WARNING] [Fast Refresh] performing full reload because your application had an unrecoverable error @ http://localhost:3000/_next/static/chunks/01-b_next_dist_0r6dg19._.js:2489
[ 1076543ms] [LOG] [Fast Refresh] done in 39ms @ http://localhost:3000/_next/static/chunks/01-b_next_dist_0r6dg19._.js:2489
[ 1077104ms] [INFO] %cDownload the React DevTools for a better development experience: https://react.dev/link/react-devtools font-weight:bold @ http://localhost:3000/_next/static/chunks/01-b_next_dist_0r6dg19._.js:2489
[ 1077148ms] [LOG] [HMR] connected @ http://localhost:3000/_next/static/chunks/01-b_next_dist_0r6dg19._.js:2489
