[     188ms] [INFO] %cDownload the React DevTools for a better development experience: https://react.dev/link/react-devtools font-weight:bold @ http://localhost:3000/_next/static/chunks/01-b_next_dist_0r6dg19._.js:2489
[     203ms] [LOG] [HMR] connected @ http://localhost:3000/_next/static/chunks/01-b_next_dist_0r6dg19._.js:2489
[   41952ms] [LOG] [Fast Refresh] rebuilding @ http://localhost:3000/_next/static/chunks/01-b_next_dist_0r6dg19._.js:2489
[   41979ms] [LOG] [Fast Refresh] done in 39ms @ http://localhost:3000/_next/static/chunks/01-b_next_dist_0r6dg19._.js:2489
[   64872ms] [WARNING] Image with src "/assets/gift/blue-paper.png" has "fill" but is missing "sizes" prop. Please add it to improve page performance. Read more: https://nextjs.org/docs/api-reference/next/image#sizes @ http://localhost:3000/_next/static/chunks/01-b_next_dist_0r6dg19._.js:2489
[  255511ms] [LOG] [Fast Refresh] rebuilding @ http://localhost:3000/_next/static/chunks/01-b_next_dist_0r6dg19._.js:2489
[  255540ms] [LOG] [Fast Refresh] done in 70ms @ http://localhost:3000/_next/static/chunks/01-b_next_dist_0r6dg19._.js:2489
[  323203ms] [LOG] [Fast Refresh] rebuilding @ http://localhost:3000/_next/static/chunks/01-b_next_dist_0r6dg19._.js:2489
[  323233ms] [LOG] [Fast Refresh] done in 37ms @ http://localhost:3000/_next/static/chunks/01-b_next_dist_0r6dg19._.js:2489
[  596022ms] [WARNING] Image with src "/assets/gift/copy-icon.png" has either width or height modified, but not the other. If you use CSS to change the size of your image, also include the styles 'width: "auto"' or 'height: "auto"' to maintain the aspect ratio. @ http://localhost:3000/_next/static/chunks/01-b_next_dist_0r6dg19._.js:2489
[  893127ms] [LOG] [Fast Refresh] rebuilding @ http://localhost:3000/_next/static/chunks/01-b_next_dist_0r6dg19._.js:2489
[  893272ms] [ERROR] ./src/components/invitation/guest-messages-section.tsx:5:1
Export createClient doesn't exist in target module
  3 | import { useEffect, useState } from "react";
  4 | import Image from "next/image";
> 5 | import { createClient } from "@/lib/supabase/client";
    | ^^^^^^^^^^^^^^^^^^^^^^^^^^^^^^^^^^^^^^^^^^^^^^^^^^^^^
  6 |
  7 | interface GuestMessage {
  8 |   id: string;

The export createClient was not found in module [project]/src/lib/supabase/client.ts [app-client] (ecmascript).
Did you mean to import createSupabaseBrowserClient?
All exports of the module are statically known (It doesn't have dynamic exports). So it's known statically that the requested export doesn't exist.

Import traces:
  Client Component Browser:
    ./src/components/invitation/guest-messages-section.tsx [Client Component Browser]
    ./src/components/invitation/closing-section.tsx [Client Component Browser]
    ./src/components/invitation/invitation.tsx [Client Component Browser]
    ./src/components/invitation/invitation.tsx [Server Component]
    ./src/app/[[...slug]]/page.tsx [Server Component]

  Client Component SSR:
    ./src/components/invitation/guest-messages-section.tsx [Client Component SSR]
    ./src/components/invitation/closing-section.tsx [Client Component SSR]
    ./src/components/invitation/invitation.tsx [Client Component SSR]
    ./src/components/invitation/invitation.tsx [Server Component]
    ./src/app/[[...slug]]/page.tsx [Server Component] @ http://localhost:3000/_next/static/chunks/01-b_next_dist_0r6dg19._.js:3330
[  893272ms] [ERROR] ./src/components/invitation/guest-messages-section.tsx:5:1
Export createClient doesn't exist in target module
  3 | import { useEffect, useState } from "react";
  4 | import Image from "next/image";
> 5 | import { createClient } from "@/lib/supabase/client";
    | ^^^^^^^^^^^^^^^^^^^^^^^^^^^^^^^^^^^^^^^^^^^^^^^^^^^^^
  6 |
  7 | interface GuestMessage {
  8 |   id: string;

The export createClient was not found in module [project]/src/lib/supabase/client.ts [app-ssr] (ecmascript).
Did you mean to import createSupabaseBrowserClient?
All exports of the module are statically known (It doesn't have dynamic exports). So it's known statically that the requested export doesn't exist.

Import traces:
  Client Component Browser:
    ./src/components/invitation/guest-messages-section.tsx [Client Component Browser]
    ./src/components/invitation/closing-section.tsx [Client Component Browser]
    ./src/components/invitation/invitation.tsx [Client Component Browser]
    ./src/components/invitation/invitation.tsx [Server Component]
    ./src/app/[[...slug]]/page.tsx [Server Component]

  Client Component SSR:
    ./src/components/invitation/guest-messages-section.tsx [Client Component SSR]
    ./src/components/invitation/closing-section.tsx [Client Component SSR]
    ./src/components/invitation/invitation.tsx [Client Component SSR]
    ./src/components/invitation/invitation.tsx [Server Component]
    ./src/app/[[...slug]]/page.tsx [Server Component] @ http://localhost:3000/_next/static/chunks/01-b_next_dist_0r6dg19._.js:3330
[  893306ms] [ERROR] ./src/components/invitation/guest-messages-section.tsx:5:1
Export createClient doesn't exist in target module
  3 | import { useEffect, useState } from "react";
  4 | import Image from "next/image";
> 5 | import { createClient } from "@/lib/supabase/client";
    | ^^^^^^^^^^^^^^^^^^^^^^^^^^^^^^^^^^^^^^^^^^^^^^^^^^^^^
  6 |
  7 | interface GuestMessage {
  8 |   id: string;

The export createClient was not found in module [project]/src/lib/supabase/client.ts [app-client] (ecmascript).
Did you mean to import createSupabaseBrowserClient?
All exports of the module are statically known (It doesn't have dynamic exports). So it's known statically that the requested export doesn't exist.

Import traces:
  Client Component Browser:
    ./src/components/invitation/guest-messages-section.tsx [Client Component Browser]
    ./src/components/invitation/closing-section.tsx [Client Component Browser]
    ./src/components/invitation/invitation.tsx [Client Component Browser]
    ./src/components/invitation/invitation.tsx [Server Component]
    ./src/app/[[...slug]]/page.tsx [Server Component]

  Client Component SSR:
    ./src/components/invitation/guest-messages-section.tsx [Client Component SSR]
    ./src/components/invitation/closing-section.tsx [Client Component SSR]
    ./src/components/invitation/invitation.tsx [Client Component SSR]
    ./src/components/invitation/invitation.tsx [Server Component]
    ./src/app/[[...slug]]/page.tsx [Server Component] @ http://localhost:3000/_next/static/chunks/01-b_next_dist_0r6dg19._.js:3330
[  893308ms] [ERROR] ./src/components/invitation/guest-messages-section.tsx:5:1
Export createClient doesn't exist in target module
  3 | import { useEffect, useState } from "react";
  4 | import Image from "next/image";
> 5 | import { createClient } from "@/lib/supabase/client";
    | ^^^^^^^^^^^^^^^^^^^^^^^^^^^^^^^^^^^^^^^^^^^^^^^^^^^^^
  6 |
  7 | interface GuestMessage {
  8 |   id: string;

The export createClient was not found in module [project]/src/lib/supabase/client.ts [app-ssr] (ecmascript).
Did you mean to import createSupabaseBrowserClient?
All exports of the module are statically known (It doesn't have dynamic exports). So it's known statically that the requested export doesn't exist.

Import traces:
  Client Component Browser:
    ./src/components/invitation/guest-messages-section.tsx [Client Component Browser]
    ./src/components/invitation/closing-section.tsx [Client Component Browser]
    ./src/components/invitation/invitation.tsx [Client Component Browser]
    ./src/components/invitation/invitation.tsx [Server Component]
    ./src/app/[[...slug]]/page.tsx [Server Component]

  Client Component SSR:
    ./src/components/invitation/guest-messages-section.tsx [Client Component SSR]
    ./src/components/invitation/closing-section.tsx [Client Component SSR]
    ./src/components/invitation/invitation.tsx [Client Component SSR]
    ./src/components/invitation/invitation.tsx [Server Component]
    ./src/app/[[...slug]]/page.tsx [Server Component] @ http://localhost:3000/_next/static/chunks/01-b_next_dist_0r6dg19._.js:3330
[  893400ms] [ERROR] ./src/components/invitation/guest-messages-section.tsx:5:1
Export createClient doesn't exist in target module
  3 | import { useEffect, useState } from "react";
  4 | import Image from "next/image";
> 5 | import { createClient } from "@/lib/supabase/client";
    | ^^^^^^^^^^^^^^^^^^^^^^^^^^^^^^^^^^^^^^^^^^^^^^^^^^^^^
  6 |
  7 | interface GuestMessage {
  8 |   id: string;

The export createClient was not found in module [project]/src/lib/supabase/client.ts [app-client] (ecmascript).
Did you mean to import createSupabaseBrowserClient?
All exports of the module are statically known (It doesn't have dynamic exports). So it's known statically that the requested export doesn't exist.

Import traces:
  Client Component Browser:
    ./src/components/invitation/guest-messages-section.tsx [Client Component Browser]
    ./src/components/invitation/closing-section.tsx [Client Component Browser]
    ./src/components/invitation/invitation.tsx [Client Component Browser]
    ./src/components/invitation/invitation.tsx [Server Component]
    ./src/app/[[...slug]]/page.tsx [Server Component]

  Client Component SSR:
    ./src/components/invitation/guest-messages-section.tsx [Client Component SSR]
    ./src/components/invitation/closing-section.tsx [Client Component SSR]
    ./src/components/invitation/invitation.tsx [Client Component SSR]
    ./src/components/invitation/invitation.tsx [Server Component]
    ./src/app/[[...slug]]/page.tsx [Server Component] @ http://localhost:3000/_next/static/chunks/01-b_next_dist_0r6dg19._.js:3330
[  893400ms] [ERROR] ./src/components/invitation/guest-messages-section.tsx:5:1
Export createClient doesn't exist in target module
  3 | import { useEffect, useState } from "react";
  4 | import Image from "next/image";
> 5 | import { createClient } from "@/lib/supabase/client";
    | ^^^^^^^^^^^^^^^^^^^^^^^^^^^^^^^^^^^^^^^^^^^^^^^^^^^^^
  6 |
  7 | interface GuestMessage {
  8 |   id: string;

The export createClient was not found in module [project]/src/lib/supabase/client.ts [app-ssr] (ecmascript).
Did you mean to import createSupabaseBrowserClient?
All exports of the module are statically known (It doesn't have dynamic exports). So it's known statically that the requested export doesn't exist.

Import traces:
  Client Component Browser:
    ./src/components/invitation/guest-messages-section.tsx [Client Component Browser]
    ./src/components/invitation/closing-section.tsx [Client Component Browser]
    ./src/components/invitation/invitation.tsx [Client Component Browser]
    ./src/components/invitation/invitation.tsx [Server Component]
    ./src/app/[[...slug]]/page.tsx [Server Component]

  Client Component SSR:
    ./src/components/invitation/guest-messages-section.tsx [Client Component SSR]
    ./src/components/invitation/closing-section.tsx [Client Component SSR]
    ./src/components/invitation/invitation.tsx [Client Component SSR]
    ./src/components/invitation/invitation.tsx [Server Component]
    ./src/app/[[...slug]]/page.tsx [Server Component] @ http://localhost:3000/_next/static/chunks/01-b_next_dist_0r6dg19._.js:3330
[  893501ms] [LOG] [Fast Refresh] rebuilding @ http://localhost:3000/_next/static/chunks/01-b_next_dist_0r6dg19._.js:2489
[  893808ms] [ERROR] ./src/components/invitation/guest-messages-section.tsx:5:1
Export createClient doesn't exist in target module
  3 | import { useEffect, useState } from "react";
  4 | import Image from "next/image";
> 5 | import { createClient } from "@/lib/supabase/client";
    | ^^^^^^^^^^^^^^^^^^^^^^^^^^^^^^^^^^^^^^^^^^^^^^^^^^^^^
  6 |
  7 | interface GuestMessage {
  8 |   id: string;

The export createClient was not found in module [project]/src/lib/supabase/client.ts [app-client] (ecmascript).
Did you mean to import createSupabaseBrowserClient?
All exports of the module are statically known (It doesn't have dynamic exports). So it's known statically that the requested export doesn't exist.

Import traces:
  Client Component Browser:
    ./src/components/invitation/guest-messages-section.tsx [Client Component Browser]
    ./src/components/invitation/closing-section.tsx [Client Component Browser]
    ./src/components/invitation/invitation.tsx [Client Component Browser]
    ./src/components/invitation/invitation.tsx [Server Component]
    ./src/app/[[...slug]]/page.tsx [Server Component]

  Client Component SSR:
    ./src/components/invitation/guest-messages-section.tsx [Client Component SSR]
    ./src/components/invitation/closing-section.tsx [Client Component SSR]
    ./src/components/invitation/invitation.tsx [Client Component SSR]
    ./src/components/invitation/invitation.tsx [Server Component]
    ./src/app/[[...slug]]/page.tsx [Server Component] @ http://localhost:3000/_next/static/chunks/01-b_next_dist_0r6dg19._.js:3330
[  893808ms] [ERROR] ./src/components/invitation/guest-messages-section.tsx:5:1
Export createClient doesn't exist in target module
  3 | import { useEffect, useState } from "react";
  4 | import Image from "next/image";
> 5 | import { createClient } from "@/lib/supabase/client";
    | ^^^^^^^^^^^^^^^^^^^^^^^^^^^^^^^^^^^^^^^^^^^^^^^^^^^^^
  6 |
  7 | interface GuestMessage {
  8 |   id: string;

The export createClient was not found in module [project]/src/lib/supabase/client.ts [app-ssr] (ecmascript).
Did you mean to import createSupabaseBrowserClient?
All exports of the module are statically known (It doesn't have dynamic exports). So it's known statically that the requested export doesn't exist.

Import traces:
  Client Component Browser:
    ./src/components/invitation/guest-messages-section.tsx [Client Component Browser]
    ./src/components/invitation/closing-section.tsx [Client Component Browser]
    ./src/components/invitation/invitation.tsx [Client Component Browser]
    ./src/components/invitation/invitation.tsx [Server Component]
    ./src/app/[[...slug]]/page.tsx [Server Component]

  Client Component SSR:
    ./src/components/invitation/guest-messages-section.tsx [Client Component SSR]
    ./src/components/invitation/closing-section.tsx [Client Component SSR]
    ./src/components/invitation/invitation.tsx [Client Component SSR]
    ./src/components/invitation/invitation.tsx [Server Component]
    ./src/app/[[...slug]]/page.tsx [Server Component] @ http://localhost:3000/_next/static/chunks/01-b_next_dist_0r6dg19._.js:3330
[  893910ms] [LOG] [Fast Refresh] rebuilding @ http://localhost:3000/_next/static/chunks/01-b_next_dist_0r6dg19._.js:2489
[  894239ms] [ERROR] ./src/components/invitation/guest-messages-section.tsx:5:1
Export createClient doesn't exist in target module
  3 | import { useEffect, useState } from "react";
  4 | import Image from "next/image";
> 5 | import { createClient } from "@/lib/supabase/client";
    | ^^^^^^^^^^^^^^^^^^^^^^^^^^^^^^^^^^^^^^^^^^^^^^^^^^^^^
  6 |
  7 | interface GuestMessage {
  8 |   id: string;

The export createClient was not found in module [project]/src/lib/supabase/client.ts [app-client] (ecmascript).
Did you mean to import createSupabaseBrowserClient?
All exports of the module are statically known (It doesn't have dynamic exports). So it's known statically that the requested export doesn't exist.

Import traces:
  Client Component Browser:
    ./src/components/invitation/guest-messages-section.tsx [Client Component Browser]
    ./src/components/invitation/closing-section.tsx [Client Component Browser]
    ./src/components/invitation/invitation.tsx [Client Component Browser]
    ./src/components/invitation/invitation.tsx [Server Component]
    ./src/app/[[...slug]]/page.tsx [Server Component]

  Client Component SSR:
    ./src/components/invitation/guest-messages-section.tsx [Client Component SSR]
    ./src/components/invitation/closing-section.tsx [Client Component SSR]
    ./src/components/invitation/invitation.tsx [Client Component SSR]
    ./src/components/invitation/invitation.tsx [Server Component]
    ./src/app/[[...slug]]/page.tsx [Server Component] @ http://localhost:3000/_next/static/chunks/01-b_next_dist_0r6dg19._.js:3330
[  894239ms] [ERROR] ./src/components/invitation/guest-messages-section.tsx:5:1
Export createClient doesn't exist in target module
  3 | import { useEffect, useState } from "react";
  4 | import Image from "next/image";
> 5 | import { createClient } from "@/lib/supabase/client";
    | ^^^^^^^^^^^^^^^^^^^^^^^^^^^^^^^^^^^^^^^^^^^^^^^^^^^^^
  6 |
  7 | interface GuestMessage {
  8 |   id: string;

The export createClient was not found in module [project]/src/lib/supabase/client.ts [app-ssr] (ecmascript).
Did you mean to import createSupabaseBrowserClient?
All exports of the module are statically known (It doesn't have dynamic exports). So it's known statically that the requested export doesn't exist.

Import traces:
  Client Component Browser:
    ./src/components/invitation/guest-messages-section.tsx [Client Component Browser]
    ./src/components/invitation/closing-section.tsx [Client Component Browser]
    ./src/components/invitation/invitation.tsx [Client Component Browser]
    ./src/components/invitation/invitation.tsx [Server Component]
    ./src/app/[[...slug]]/page.tsx [Server Component]

  Client Component SSR:
    ./src/components/invitation/guest-messages-section.tsx [Client Component SSR]
    ./src/components/invitation/closing-section.tsx [Client Component SSR]
    ./src/components/invitation/invitation.tsx [Client Component SSR]
    ./src/components/invitation/invitation.tsx [Server Component]
    ./src/app/[[...slug]]/page.tsx [Server Component] @ http://localhost:3000/_next/static/chunks/01-b_next_dist_0r6dg19._.js:3330
[  894242ms] [ERROR] Failed to load resource: the server responded with a status of 500 (Internal Server Error) @ http://localhost:3000/?_rsc=4q59KpXATIw2om8n:0
[  894316ms] [ERROR] Failed to load resource: the server responded with a status of 500 (Internal Server Error) @ http://localhost:3000/?_rsc=4q59KpXATIw2om8n:0
[  894361ms] [ERROR] Failed to load resource: the server responded with a status of 500 (Internal Server Error) @ http://localhost:3000/:0
[  894659ms] [INFO] %cDownload the React DevTools for a better development experience: https://react.dev/link/react-devtools font-weight:bold @ http://localhost:3000/_next/static/chunks/162a_react-dom_1hsf_h5._.js:15305
[  894700ms] Error: ./src/components/invitation/guest-messages-section.tsx:5:1
Export createClient doesn't exist in target module
  3 | import { useEffect, useState } from "react";
  4 | import Image from "next/image";
> 5 | import { createClient } from "@/lib/supabase/client";
    | ^^^^^^^^^^^^^^^^^^^^^^^^^^^^^^^^^^^^^^^^^^^^^^^^^^^^^
  6 |
  7 | interface GuestMessage {
  8 |   id: string;

The export createClient was not found in module [project]/src/lib/supabase/client.ts [app-client] (ecmascript).
Did you mean to import createSupabaseBrowserClient?
All exports of the module are statically known (It doesn't have dynamic exports). So it's known statically that the requested export doesn't exist.

Import traces:
  Client Component Browser:
    ./src/components/invitation/guest-messages-section.tsx [Client Component Browser]
    ./src/components/invitation/closing-section.tsx [Client Component Browser]
    ./src/components/invitation/invitation.tsx [Client Component Browser]
    ./src/components/invitation/invitation.tsx [Server Component]
    ./src/app/[[...slug]]/page.tsx [Server Component]

  Client Component SSR:
    ./src/components/invitation/guest-messages-section.tsx [Client Component SSR]
    ./src/components/invitation/closing-section.tsx [Client Component SSR]
    ./src/components/invitation/invitation.tsx [Client Component SSR]
    ./src/components/invitation/invitation.tsx [Server Component]
    ./src/app/[[...slug]]/page.tsx [Server Component]


    at <unknown> (Error: ./src/components/invitation/guest-messages-section.tsx:5:1)
    at Object.getCompilationErrors (file:///Users/fitrarahmamuliani/RGB/wedding-adji-agnesia/node_modules/.pnpm/next@16.2.12_@babel+core@7.29.7_@playwright+test@1.62.1_react-dom@19.2.4_react@19.2.4__react@19.2.4/node_modules/next/dist/server/dev/hot-reloader-turbopack.js:1186:59)
    at DevBundlerService.getCompilationError (file:///Users/fitrarahmamuliani/RGB/wedding-adji-agnesia/node_modules/.pnpm/next@16.2.12_@babel+core@7.29.7_@playwright+test@1.62.1_react-dom@19.2.4_react@19.2.4__react@19.2.4/node_modules/next/dist/server/lib/dev-bundler-service.js:44:55)
    at DevServer.getCompilationError (file:///Users/fitrarahmamuliani/RGB/wedding-adji-agnesia/node_modules/.pnpm/next@16.2.12_@babel+core@7.29.7_@playwright+test@1.62.1_react-dom@19.2.4_react@19.2.4__react@19.2.4/node_modules/next/dist/server/dev/next-dev-server.js:720:42)
    at DevServer.findPageComponents (file:///Users/fitrarahmamuliani/RGB/wedding-adji-agnesia/node_modules/.pnpm/next@16.2.12_@babel+core@7.29.7_@playwright+test@1.62.1_react-dom@19.2.4_react@19.2.4__react@19.2.4/node_modules/next/dist/server/dev/next-dev-server.js:690:43)
    at async DevServer.renderErrorToResponseImpl (file:///Users/fitrarahmamuliani/RGB/wedding-adji-agnesia/node_modules/.pnpm/next@16.2.12_@babel+core@7.29.7_@playwright+test@1.62.1_react-dom@19.2.4_react@19.2.4__react@19.2.4/node_modules/next/dist/server/base-server.js:1753:26)
[  894720ms] [LOG] [HMR] connected @ http://localhost:3000/_next/static/chunks/01-b_next_dist_0a402kc._.js:1226
[  894741ms] [ERROR] ./src/components/invitation/guest-messages-section.tsx:5:1
Export createClient doesn't exist in target module
  3 | import { useEffect, useState } from "react";
  4 | import Image from "next/image";
> 5 | import { createClient } from "@/lib/supabase/client";
    | ^^^^^^^^^^^^^^^^^^^^^^^^^^^^^^^^^^^^^^^^^^^^^^^^^^^^^
  6 |
  7 | interface GuestMessage {
  8 |   id: string;

The export createClient was not found in module [project]/src/lib/supabase/client.ts [app-client] (ecmascript).
Did you mean to import createSupabaseBrowserClient?
All exports of the module are statically known (It doesn't have dynamic exports). So it's known statically that the requested export doesn't exist.

Import traces:
  Client Component Browser:
    ./src/components/invitation/guest-messages-section.tsx [Client Component Browser]
    ./src/components/invitation/closing-section.tsx [Client Component Browser]
    ./src/components/invitation/invitation.tsx [Client Component Browser]
    ./src/components/invitation/invitation.tsx [Server Component]
    ./src/app/[[...slug]]/page.tsx [Server Component]

  Client Component SSR:
    ./src/components/invitation/guest-messages-section.tsx [Client Component SSR]
    ./src/components/invitation/closing-section.tsx [Client Component SSR]
    ./src/components/invitation/invitation.tsx [Client Component SSR]
    ./src/components/invitation/invitation.tsx [Server Component]
    ./src/app/[[...slug]]/page.tsx [Server Component] @ http://localhost:3000/_next/static/chunks/01-b_next_dist_0a402kc._.js:1945
[  894741ms] [ERROR] ./src/components/invitation/guest-messages-section.tsx:5:1
Export createClient doesn't exist in target module
  3 | import { useEffect, useState } from "react";
  4 | import Image from "next/image";
> 5 | import { createClient } from "@/lib/supabase/client";
    | ^^^^^^^^^^^^^^^^^^^^^^^^^^^^^^^^^^^^^^^^^^^^^^^^^^^^^
  6 |
  7 | interface GuestMessage {
  8 |   id: string;

The export createClient was not found in module [project]/src/lib/supabase/client.ts [app-ssr] (ecmascript).
Did you mean to import createSupabaseBrowserClient?
All exports of the module are statically known (It doesn't have dynamic exports). So it's known statically that the requested export doesn't exist.

Import traces:
  Client Component Browser:
    ./src/components/invitation/guest-messages-section.tsx [Client Component Browser]
    ./src/components/invitation/closing-section.tsx [Client Component Browser]
    ./src/components/invitation/invitation.tsx [Client Component Browser]
    ./src/components/invitation/invitation.tsx [Server Component]
    ./src/app/[[...slug]]/page.tsx [Server Component]

  Client Component SSR:
    ./src/components/invitation/guest-messages-section.tsx [Client Component SSR]
    ./src/components/invitation/closing-section.tsx [Client Component SSR]
    ./src/components/invitation/invitation.tsx [Client Component SSR]
    ./src/components/invitation/invitation.tsx [Server Component]
    ./src/app/[[...slug]]/page.tsx [Server Component] @ http://localhost:3000/_next/static/chunks/01-b_next_dist_0a402kc._.js:1945
[  894769ms] [ERROR] ./src/components/invitation/guest-messages-section.tsx:5:1
Export createClient doesn't exist in target module
  3 | import { useEffect, useState } from "react";
  4 | import Image from "next/image";
> 5 | import { createClient } from "@/lib/supabase/client";
    | ^^^^^^^^^^^^^^^^^^^^^^^^^^^^^^^^^^^^^^^^^^^^^^^^^^^^^
  6 |
  7 | interface GuestMessage {
  8 |   id: string;

The export createClient was not found in module [project]/src/lib/supabase/client.ts [app-client] (ecmascript).
Did you mean to import createSupabaseBrowserClient?
All exports of the module are statically known (It doesn't have dynamic exports). So it's known statically that the requested export doesn't exist.

Import traces:
  Client Component Browser:
    ./src/components/invitation/guest-messages-section.tsx [Client Component Browser]
    ./src/components/invitation/closing-section.tsx [Client Component Browser]
    ./src/components/invitation/invitation.tsx [Client Component Browser]
    ./src/components/invitation/invitation.tsx [Server Component]
    ./src/app/[[...slug]]/page.tsx [Server Component]

  Client Component SSR:
    ./src/components/invitation/guest-messages-section.tsx [Client Component SSR]
    ./src/components/invitation/closing-section.tsx [Client Component SSR]
    ./src/components/invitation/invitation.tsx [Client Component SSR]
    ./src/components/invitation/invitation.tsx [Server Component]
    ./src/app/[[...slug]]/page.tsx [Server Component] @ http://localhost:3000/_next/static/chunks/01-b_next_dist_0a402kc._.js:1945
[  894769ms] [ERROR] ./src/components/invitation/guest-messages-section.tsx:5:1
Export createClient doesn't exist in target module
  3 | import { useEffect, useState } from "react";
  4 | import Image from "next/image";
> 5 | import { createClient } from "@/lib/supabase/client";
    | ^^^^^^^^^^^^^^^^^^^^^^^^^^^^^^^^^^^^^^^^^^^^^^^^^^^^^
  6 |
  7 | interface GuestMessage {
  8 |   id: string;

The export createClient was not found in module [project]/src/lib/supabase/client.ts [app-ssr] (ecmascript).
Did you mean to import createSupabaseBrowserClient?
All exports of the module are statically known (It doesn't have dynamic exports). So it's known statically that the requested export doesn't exist.

Import traces:
  Client Component Browser:
    ./src/components/invitation/guest-messages-section.tsx [Client Component Browser]
    ./src/components/invitation/closing-section.tsx [Client Component Browser]
    ./src/components/invitation/invitation.tsx [Client Component Browser]
    ./src/components/invitation/invitation.tsx [Server Component]
    ./src/app/[[...slug]]/page.tsx [Server Component]

  Client Component SSR:
    ./src/components/invitation/guest-messages-section.tsx [Client Component SSR]
    ./src/components/invitation/closing-section.tsx [Client Component SSR]
    ./src/components/invitation/invitation.tsx [Client Component SSR]
    ./src/components/invitation/invitation.tsx [Server Component]
    ./src/app/[[...slug]]/page.tsx [Server Component] @ http://localhost:3000/_next/static/chunks/01-b_next_dist_0a402kc._.js:1945
[  894842ms] [LOG] [Fast Refresh] rebuilding @ http://localhost:3000/_next/static/chunks/01-b_next_dist_0a402kc._.js:1226
[  894853ms] [ERROR] ./src/components/invitation/guest-messages-section.tsx:5:1
Export createClient doesn't exist in target module
  3 | import { useEffect, useState } from "react";
  4 | import Image from "next/image";
> 5 | import { createClient } from "@/lib/supabase/client";
    | ^^^^^^^^^^^^^^^^^^^^^^^^^^^^^^^^^^^^^^^^^^^^^^^^^^^^^
  6 |
  7 | interface GuestMessage {
  8 |   id: string;

The export createClient was not found in module [project]/src/lib/supabase/client.ts [app-client] (ecmascript).
Did you mean to import createSupabaseBrowserClient?
All exports of the module are statically known (It doesn't have dynamic exports). So it's known statically that the requested export doesn't exist.

Import traces:
  Client Component Browser:
    ./src/components/invitation/guest-messages-section.tsx [Client Component Browser]
    ./src/components/invitation/closing-section.tsx [Client Component Browser]
    ./src/components/invitation/invitation.tsx [Client Component Browser]
    ./src/components/invitation/invitation.tsx [Server Component]
    ./src/app/[[...slug]]/page.tsx [Server Component]

  Client Component SSR:
    ./src/components/invitation/guest-messages-section.tsx [Client Component SSR]
    ./src/components/invitation/closing-section.tsx [Client Component SSR]
    ./src/components/invitation/invitation.tsx [Client Component SSR]
    ./src/components/invitation/invitation.tsx [Server Component]
    ./src/app/[[...slug]]/page.tsx [Server Component] @ http://localhost:3000/_next/static/chunks/01-b_next_dist_0a402kc._.js:1945
[  894853ms] [ERROR] ./src/components/invitation/guest-messages-section.tsx:5:1
Export createClient doesn't exist in target module
  3 | import { useEffect, useState } from "react";
  4 | import Image from "next/image";
> 5 | import { createClient } from "@/lib/supabase/client";
    | ^^^^^^^^^^^^^^^^^^^^^^^^^^^^^^^^^^^^^^^^^^^^^^^^^^^^^
  6 |
  7 | interface GuestMessage {
  8 |   id: string;

The export createClient was not found in module [project]/src/lib/supabase/client.ts [app-ssr] (ecmascript).
Did you mean to import createSupabaseBrowserClient?
All exports of the module are statically known (It doesn't have dynamic exports). So it's known statically that the requested export doesn't exist.

Import traces:
  Client Component Browser:
    ./src/components/invitation/guest-messages-section.tsx [Client Component Browser]
    ./src/components/invitation/closing-section.tsx [Client Component Browser]
    ./src/components/invitation/invitation.tsx [Client Component Browser]
    ./src/components/invitation/invitation.tsx [Server Component]
    ./src/app/[[...slug]]/page.tsx [Server Component]

  Client Component SSR:
    ./src/components/invitation/guest-messages-section.tsx [Client Component SSR]
    ./src/components/invitation/closing-section.tsx [Client Component SSR]
    ./src/components/invitation/invitation.tsx [Client Component SSR]
    ./src/components/invitation/invitation.tsx [Server Component]
    ./src/app/[[...slug]]/page.tsx [Server Component] @ http://localhost:3000/_next/static/chunks/01-b_next_dist_0a402kc._.js:1945
[  894925ms] [ERROR] ./src/components/invitation/guest-messages-section.tsx:5:1
Export createClient doesn't exist in target module
  3 | import { useEffect, useState } from "react";
  4 | import Image from "next/image";
> 5 | import { createClient } from "@/lib/supabase/client";
    | ^^^^^^^^^^^^^^^^^^^^^^^^^^^^^^^^^^^^^^^^^^^^^^^^^^^^^
  6 |
  7 | interface GuestMessage {
  8 |   id: string;

The export createClient was not found in module [project]/src/lib/supabase/client.ts [app-client] (ecmascript).
Did you mean to import createSupabaseBrowserClient?
All exports of the module are statically known (It doesn't have dynamic exports). So it's known statically that the requested export doesn't exist.

Import traces:
  Client Component Browser:
    ./src/components/invitation/guest-messages-section.tsx [Client Component Browser]
    ./src/components/invitation/closing-section.tsx [Client Component Browser]
    ./src/components/invitation/invitation.tsx [Client Component Browser]
    ./src/components/invitation/invitation.tsx [Server Component]
    ./src/app/[[...slug]]/page.tsx [Server Component]

  Client Component SSR:
    ./src/components/invitation/guest-messages-section.tsx [Client Component SSR]
    ./src/components/invitation/closing-section.tsx [Client Component SSR]
    ./src/components/invitation/invitation.tsx [Client Component SSR]
    ./src/components/invitation/invitation.tsx [Server Component]
    ./src/app/[[...slug]]/page.tsx [Server Component] @ http://localhost:3000/_next/static/chunks/01-b_next_dist_0a402kc._.js:1945
[  894925ms] [ERROR] ./src/components/invitation/guest-messages-section.tsx:5:1
Export createClient doesn't exist in target module
  3 | import { useEffect, useState } from "react";
  4 | import Image from "next/image";
> 5 | import { createClient } from "@/lib/supabase/client";
    | ^^^^^^^^^^^^^^^^^^^^^^^^^^^^^^^^^^^^^^^^^^^^^^^^^^^^^
  6 |
  7 | interface GuestMessage {
  8 |   id: string;

The export createClient was not found in module [project]/src/lib/supabase/client.ts [app-ssr] (ecmascript).
Did you mean to import createSupabaseBrowserClient?
All exports of the module are statically known (It doesn't have dynamic exports). So it's known statically that the requested export doesn't exist.

Import traces:
  Client Component Browser:
    ./src/components/invitation/guest-messages-section.tsx [Client Component Browser]
    ./src/components/invitation/closing-section.tsx [Client Component Browser]
    ./src/components/invitation/invitation.tsx [Client Component Browser]
    ./src/components/invitation/invitation.tsx [Server Component]
    ./src/app/[[...slug]]/page.tsx [Server Component]

  Client Component SSR:
    ./src/components/invitation/guest-messages-section.tsx [Client Component SSR]
    ./src/components/invitation/closing-section.tsx [Client Component SSR]
    ./src/components/invitation/invitation.tsx [Client Component SSR]
    ./src/components/invitation/invitation.tsx [Server Component]
    ./src/app/[[...slug]]/page.tsx [Server Component] @ http://localhost:3000/_next/static/chunks/01-b_next_dist_0a402kc._.js:1945
[  894975ms] [LOG] [Fast Refresh] rebuilding @ http://localhost:3000/_next/static/chunks/01-b_next_dist_0a402kc._.js:1226
[  901440ms] [ERROR] ./src/components/invitation/guest-messages-section.tsx:5:1
Export createClient doesn't exist in target module
  3 | import { useEffect, useState } from "react";
  4 | import Image from "next/image";
> 5 | import { createClient } from "@/lib/supabase/client";
    | ^^^^^^^^^^^^^^^^^^^^^^^^^^^^^^^^^^^^^^^^^^^^^^^^^^^^^
  6 |
  7 | interface GuestMessage {
  8 |   id: string;

The export createClient was not found in module [project]/src/lib/supabase/client.ts [app-client] (ecmascript).
Did you mean to import createSupabaseBrowserClient?
All exports of the module are statically known (It doesn't have dynamic exports). So it's known statically that the requested export doesn't exist.

Import traces:
  Client Component Browser:
    ./src/components/invitation/guest-messages-section.tsx [Client Component Browser]
    ./src/components/invitation/closing-section.tsx [Client Component Browser]
    ./src/components/invitation/invitation.tsx [Client Component Browser]
    ./src/components/invitation/invitation.tsx [Server Component]
    ./src/app/[[...slug]]/page.tsx [Server Component]

  Client Component SSR:
    ./src/components/invitation/guest-messages-section.tsx [Client Component SSR]
    ./src/components/invitation/closing-section.tsx [Client Component SSR]
    ./src/components/invitation/invitation.tsx [Client Component SSR]
    ./src/components/invitation/invitation.tsx [Server Component]
    ./src/app/[[...slug]]/page.tsx [Server Component] @ http://localhost:3000/_next/static/chunks/01-b_next_dist_0a402kc._.js:1945
[  901440ms] [ERROR] ./src/components/invitation/guest-messages-section.tsx:5:1
Export createClient doesn't exist in target module
  3 | import { useEffect, useState } from "react";
  4 | import Image from "next/image";
> 5 | import { createClient } from "@/lib/supabase/client";
    | ^^^^^^^^^^^^^^^^^^^^^^^^^^^^^^^^^^^^^^^^^^^^^^^^^^^^^
  6 |
  7 | interface GuestMessage {
  8 |   id: string;

The export createClient was not found in module [project]/src/lib/supabase/client.ts [app-ssr] (ecmascript).
Did you mean to import createSupabaseBrowserClient?
All exports of the module are statically known (It doesn't have dynamic exports). So it's known statically that the requested export doesn't exist.

Import traces:
  Client Component Browser:
    ./src/components/invitation/guest-messages-section.tsx [Client Component Browser]
    ./src/components/invitation/closing-section.tsx [Client Component Browser]
    ./src/components/invitation/invitation.tsx [Client Component Browser]
    ./src/components/invitation/invitation.tsx [Server Component]
    ./src/app/[[...slug]]/page.tsx [Server Component]

  Client Component SSR:
    ./src/components/invitation/guest-messages-section.tsx [Client Component SSR]
    ./src/components/invitation/closing-section.tsx [Client Component SSR]
    ./src/components/invitation/invitation.tsx [Client Component SSR]
    ./src/components/invitation/invitation.tsx [Server Component]
    ./src/app/[[...slug]]/page.tsx [Server Component] @ http://localhost:3000/_next/static/chunks/01-b_next_dist_0a402kc._.js:1945
[  901459ms] [LOG] [Fast Refresh] rebuilding @ http://localhost:3000/_next/static/chunks/01-b_next_dist_0a402kc._.js:1226
[  938986ms] [ERROR] ./src/components/invitation/guest-messages-section.tsx:5:1
Export createClient doesn't exist in target module
  3 | import { useEffect, useState } from "react";
  4 | import Image from "next/image";
> 5 | import { createClient } from "@/lib/supabase/client";
    | ^^^^^^^^^^^^^^^^^^^^^^^^^^^^^^^^^^^^^^^^^^^^^^^^^^^^^
  6 |
  7 | interface GuestMessage {
  8 |   id: string;

The export createClient was not found in module [project]/src/lib/supabase/client.ts [app-client] (ecmascript).
Did you mean to import createSupabaseBrowserClient?
All exports of the module are statically known (It doesn't have dynamic exports). So it's known statically that the requested export doesn't exist.

Import traces:
  Client Component Browser:
    ./src/components/invitation/guest-messages-section.tsx [Client Component Browser]
    ./src/components/invitation/closing-section.tsx [Client Component Browser]
    ./src/components/invitation/invitation.tsx [Client Component Browser]
    ./src/components/invitation/invitation.tsx [Server Component]
    ./src/app/[[...slug]]/page.tsx [Server Component]

  Client Component SSR:
    ./src/components/invitation/guest-messages-section.tsx [Client Component SSR]
    ./src/components/invitation/closing-section.tsx [Client Component SSR]
    ./src/components/invitation/invitation.tsx [Client Component SSR]
    ./src/components/invitation/invitation.tsx [Server Component]
    ./src/app/[[...slug]]/page.tsx [Server Component] @ http://localhost:3000/_next/static/chunks/01-b_next_dist_0a402kc._.js:1945
[  938986ms] [ERROR] ./src/components/invitation/guest-messages-section.tsx:5:1
Export createClient doesn't exist in target module
  3 | import { useEffect, useState } from "react";
  4 | import Image from "next/image";
> 5 | import { createClient } from "@/lib/supabase/client";
    | ^^^^^^^^^^^^^^^^^^^^^^^^^^^^^^^^^^^^^^^^^^^^^^^^^^^^^
  6 |
  7 | interface GuestMessage {
  8 |   id: string;

The export createClient was not found in module [project]/src/lib/supabase/client.ts [app-ssr] (ecmascript).
Did you mean to import createSupabaseBrowserClient?
All exports of the module are statically known (It doesn't have dynamic exports). So it's known statically that the requested export doesn't exist.

Import traces:
  Client Component Browser:
    ./src/components/invitation/guest-messages-section.tsx [Client Component Browser]
    ./src/components/invitation/closing-section.tsx [Client Component Browser]
    ./src/components/invitation/invitation.tsx [Client Component Browser]
    ./src/components/invitation/invitation.tsx [Server Component]
    ./src/app/[[...slug]]/page.tsx [Server Component]

  Client Component SSR:
    ./src/components/invitation/guest-messages-section.tsx [Client Component SSR]
    ./src/components/invitation/closing-section.tsx [Client Component SSR]
    ./src/components/invitation/invitation.tsx [Client Component SSR]
    ./src/components/invitation/invitation.tsx [Server Component]
    ./src/app/[[...slug]]/page.tsx [Server Component] @ http://localhost:3000/_next/static/chunks/01-b_next_dist_0a402kc._.js:1945
[  939020ms] [LOG] [Fast Refresh] rebuilding @ http://localhost:3000/_next/static/chunks/01-b_next_dist_0a402kc._.js:1226
[  951592ms] [ERROR] ./src/components/invitation/guest-messages-section.tsx:5:1
Export createClient doesn't exist in target module
  3 | import { useEffect, useState } from "react";
  4 | import Image from "next/image";
> 5 | import { createClient } from "@/lib/supabase/client";
    | ^^^^^^^^^^^^^^^^^^^^^^^^^^^^^^^^^^^^^^^^^^^^^^^^^^^^^
  6 |
  7 | interface GuestMessage {
  8 |   id: string;

The export createClient was not found in module [project]/src/lib/supabase/client.ts [app-client] (ecmascript).
Did you mean to import createSupabaseBrowserClient?
All exports of the module are statically known (It doesn't have dynamic exports). So it's known statically that the requested export doesn't exist.

Import traces:
  Client Component Browser:
    ./src/components/invitation/guest-messages-section.tsx [Client Component Browser]
    ./src/components/invitation/closing-section.tsx [Client Component Browser]
    ./src/components/invitation/invitation.tsx [Client Component Browser]
    ./src/components/invitation/invitation.tsx [Server Component]
    ./src/app/[[...slug]]/page.tsx [Server Component]

  Client Component SSR:
    ./src/components/invitation/guest-messages-section.tsx [Client Component SSR]
    ./src/components/invitation/closing-section.tsx [Client Component SSR]
    ./src/components/invitation/invitation.tsx [Client Component SSR]
    ./src/components/invitation/invitation.tsx [Server Component]
    ./src/app/[[...slug]]/page.tsx [Server Component] @ http://localhost:3000/_next/static/chunks/01-b_next_dist_0a402kc._.js:1945
[  951592ms] [ERROR] ./src/components/invitation/guest-messages-section.tsx:5:1
Export createClient doesn't exist in target module
  3 | import { useEffect, useState } from "react";
  4 | import Image from "next/image";
> 5 | import { createClient } from "@/lib/supabase/client";
    | ^^^^^^^^^^^^^^^^^^^^^^^^^^^^^^^^^^^^^^^^^^^^^^^^^^^^^
  6 |
  7 | interface GuestMessage {
  8 |   id: string;

The export createClient was not found in module [project]/src/lib/supabase/client.ts [app-ssr] (ecmascript).
Did you mean to import createSupabaseBrowserClient?
All exports of the module are statically known (It doesn't have dynamic exports). So it's known statically that the requested export doesn't exist.

Import traces:
  Client Component Browser:
    ./src/components/invitation/guest-messages-section.tsx [Client Component Browser]
    ./src/components/invitation/closing-section.tsx [Client Component Browser]
    ./src/components/invitation/invitation.tsx [Client Component Browser]
    ./src/components/invitation/invitation.tsx [Server Component]
    ./src/app/[[...slug]]/page.tsx [Server Component]

  Client Component SSR:
    ./src/components/invitation/guest-messages-section.tsx [Client Component SSR]
    ./src/components/invitation/closing-section.tsx [Client Component SSR]
    ./src/components/invitation/invitation.tsx [Client Component SSR]
    ./src/components/invitation/invitation.tsx [Server Component]
    ./src/app/[[...slug]]/page.tsx [Server Component] @ http://localhost:3000/_next/static/chunks/01-b_next_dist_0a402kc._.js:1945
[  951646ms] [LOG] [Fast Refresh] rebuilding @ http://localhost:3000/_next/static/chunks/01-b_next_dist_0a402kc._.js:1226
[  951759ms] [ERROR] ./src/components/invitation/guest-messages-section.tsx:5:1
Export createClient doesn't exist in target module
  3 | import { useEffect, useState } from "react";
  4 | import Image from "next/image";
> 5 | import { createClient } from "@/lib/supabase/client";
    | ^^^^^^^^^^^^^^^^^^^^^^^^^^^^^^^^^^^^^^^^^^^^^^^^^^^^^
  6 |
  7 | interface GuestMessage {
  8 |   id: string;

The export createClient was not found in module [project]/src/lib/supabase/client.ts [app-client] (ecmascript).
Did you mean to import createSupabaseBrowserClient?
All exports of the module are statically known (It doesn't have dynamic exports). So it's known statically that the requested export doesn't exist.

Import traces:
  Client Component Browser:
    ./src/components/invitation/guest-messages-section.tsx [Client Component Browser]
    ./src/components/invitation/closing-section.tsx [Client Component Browser]
    ./src/components/invitation/invitation.tsx [Client Component Browser]
    ./src/components/invitation/invitation.tsx [Server Component]
    ./src/app/[[...slug]]/page.tsx [Server Component]

  Client Component SSR:
    ./src/components/invitation/guest-messages-section.tsx [Client Component SSR]
    ./src/components/invitation/closing-section.tsx [Client Component SSR]
    ./src/components/invitation/invitation.tsx [Client Component SSR]
    ./src/components/invitation/invitation.tsx [Server Component]
    ./src/app/[[...slug]]/page.tsx [Server Component] @ http://localhost:3000/_next/static/chunks/01-b_next_dist_0a402kc._.js:1945
[  951759ms] [ERROR] ./src/components/invitation/guest-messages-section.tsx:5:1
Export createClient doesn't exist in target module
  3 | import { useEffect, useState } from "react";
  4 | import Image from "next/image";
> 5 | import { createClient } from "@/lib/supabase/client";
    | ^^^^^^^^^^^^^^^^^^^^^^^^^^^^^^^^^^^^^^^^^^^^^^^^^^^^^
  6 |
  7 | interface GuestMessage {
  8 |   id: string;

The export createClient was not found in module [project]/src/lib/supabase/client.ts [app-ssr] (ecmascript).
Did you mean to import createSupabaseBrowserClient?
All exports of the module are statically known (It doesn't have dynamic exports). So it's known statically that the requested export doesn't exist.

Import traces:
  Client Component Browser:
    ./src/components/invitation/guest-messages-section.tsx [Client Component Browser]
    ./src/components/invitation/closing-section.tsx [Client Component Browser]
    ./src/components/invitation/invitation.tsx [Client Component Browser]
    ./src/components/invitation/invitation.tsx [Server Component]
    ./src/app/[[...slug]]/page.tsx [Server Component]

  Client Component SSR:
    ./src/components/invitation/guest-messages-section.tsx [Client Component SSR]
    ./src/components/invitation/closing-section.tsx [Client Component SSR]
    ./src/components/invitation/invitation.tsx [Client Component SSR]
    ./src/components/invitation/invitation.tsx [Server Component]
    ./src/app/[[...slug]]/page.tsx [Server Component] @ http://localhost:3000/_next/static/chunks/01-b_next_dist_0a402kc._.js:1945
[  951839ms] [ERROR] ./src/components/invitation/guest-messages-section.tsx:5:1
Export createClient doesn't exist in target module
  3 | import { useEffect, useState } from "react";
  4 | import Image from "next/image";
> 5 | import { createClient } from "@/lib/supabase/client";
    | ^^^^^^^^^^^^^^^^^^^^^^^^^^^^^^^^^^^^^^^^^^^^^^^^^^^^^
  6 |
  7 | interface GuestMessage {
  8 |   id: string;

The export createClient was not found in module [project]/src/lib/supabase/client.ts [app-client] (ecmascript).
Did you mean to import createSupabaseBrowserClient?
All exports of the module are statically known (It doesn't have dynamic exports). So it's known statically that the requested export doesn't exist.

Import traces:
  Client Component Browser:
    ./src/components/invitation/guest-messages-section.tsx [Client Component Browser]
    ./src/components/invitation/closing-section.tsx [Client Component Browser]
    ./src/components/invitation/invitation.tsx [Client Component Browser]
    ./src/components/invitation/invitation.tsx [Server Component]
    ./src/app/[[...slug]]/page.tsx [Server Component]

  Client Component SSR:
    ./src/components/invitation/guest-messages-section.tsx [Client Component SSR]
    ./src/components/invitation/closing-section.tsx [Client Component SSR]
    ./src/components/invitation/invitation.tsx [Client Component SSR]
    ./src/components/invitation/invitation.tsx [Server Component]
    ./src/app/[[...slug]]/page.tsx [Server Component] @ http://localhost:3000/_next/static/chunks/01-b_next_dist_0a402kc._.js:1945
[  951839ms] [ERROR] ./src/components/invitation/guest-messages-section.tsx:5:1
Export createClient doesn't exist in target module
  3 | import { useEffect, useState } from "react";
  4 | import Image from "next/image";
> 5 | import { createClient } from "@/lib/supabase/client";
    | ^^^^^^^^^^^^^^^^^^^^^^^^^^^^^^^^^^^^^^^^^^^^^^^^^^^^^
  6 |
  7 | interface GuestMessage {
  8 |   id: string;

The export createClient was not found in module [project]/src/lib/supabase/client.ts [app-ssr] (ecmascript).
Did you mean to import createSupabaseBrowserClient?
All exports of the module are statically known (It doesn't have dynamic exports). So it's known statically that the requested export doesn't exist.

Import traces:
  Client Component Browser:
    ./src/components/invitation/guest-messages-section.tsx [Client Component Browser]
    ./src/components/invitation/closing-section.tsx [Client Component Browser]
    ./src/components/invitation/invitation.tsx [Client Component Browser]
    ./src/components/invitation/invitation.tsx [Server Component]
    ./src/app/[[...slug]]/page.tsx [Server Component]

  Client Component SSR:
    ./src/components/invitation/guest-messages-section.tsx [Client Component SSR]
    ./src/components/invitation/closing-section.tsx [Client Component SSR]
    ./src/components/invitation/invitation.tsx [Client Component SSR]
    ./src/components/invitation/invitation.tsx [Server Component]
    ./src/app/[[...slug]]/page.tsx [Server Component] @ http://localhost:3000/_next/static/chunks/01-b_next_dist_0a402kc._.js:1945
[  951903ms] [LOG] [Fast Refresh] rebuilding @ http://localhost:3000/_next/static/chunks/01-b_next_dist_0a402kc._.js:1226
[  980059ms] [LOG] [Fast Refresh] rebuilding @ http://localhost:3000/_next/static/chunks/01-b_next_dist_0a402kc._.js:1226
[  980103ms] [LOG] [Fast Refresh] done in 47ms @ http://localhost:3000/_next/static/chunks/01-b_next_dist_0a402kc._.js:1226
[  980247ms] [LOG] [Fast Refresh] rebuilding @ http://localhost:3000/_next/static/chunks/01-b_next_dist_0a402kc._.js:1226
[  980416ms] [LOG] [Fast Refresh] done in 270ms @ http://localhost:3000/_next/static/chunks/01-b_next_dist_0a402kc._.js:1226
[  980998ms] [INFO] %cDownload the React DevTools for a better development experience: https://react.dev/link/react-devtools font-weight:bold @ http://localhost:3000/_next/static/chunks/01-b_next_dist_0r6dg19._.js:2489
[  981084ms] [LOG] [HMR] connected @ http://localhost:3000/_next/static/chunks/01-b_next_dist_0r6dg19._.js:2489
[  981462ms] [LOG] [Fast Refresh] rebuilding @ http://localhost:3000/_next/static/chunks/01-b_next_dist_0r6dg19._.js:2489
[  981481ms] [LOG] [Fast Refresh] done in 120ms @ http://localhost:3000/_next/static/chunks/01-b_next_dist_0r6dg19._.js:2489
[  991487ms] [ERROR] WebSocket connection to 'ws://localhost:3000/_next/webpack-hmr?id=gyPGgWQFF9BmRK25gNCNC' failed: Error in connection establishment: net::ERR_CONNECTION_REFUSED @ http://localhost:3000/_next/static/chunks/01-b_next_dist_client_1k67ez3._.js:13422
[  992489ms] [ERROR] WebSocket connection to 'ws://localhost:3000/_next/webpack-hmr?id=gyPGgWQFF9BmRK25gNCNC' failed: Error in connection establishment: net::ERR_CONNECTION_REFUSED @ http://localhost:3000/_next/static/chunks/01-b_next_dist_client_1k67ez3._.js:13422
[  993496ms] [LOG] [HMR] connected @ http://localhost:3000/_next/static/chunks/01-b_next_dist_0r6dg19._.js:2489
[  994146ms] [INFO] %cDownload the React DevTools for a better development experience: https://react.dev/link/react-devtools font-weight:bold @ http://localhost:3000/_next/static/chunks/01-b_next_dist_0r6dg19._.js:2489
[  994155ms] [LOG] [HMR] connected @ http://localhost:3000/_next/static/chunks/01-b_next_dist_0r6dg19._.js:2489
[ 1021589ms] [ERROR] WebSocket connection to 'ws://localhost:3000/_next/webpack-hmr?id=-WzZpGyDgxgK2yc378-Tw' failed: Error in connection establishment: net::ERR_CONNECTION_REFUSED @ http://localhost:3000/_next/static/chunks/01-b_next_dist_client_1k67ez3._.js:13422
[ 1022591ms] [ERROR] WebSocket connection to 'ws://localhost:3000/_next/webpack-hmr?id=-WzZpGyDgxgK2yc378-Tw' failed: Error in connection establishment: net::ERR_CONNECTION_REFUSED @ http://localhost:3000/_next/static/chunks/01-b_next_dist_client_1k67ez3._.js:13422
[ 1023593ms] [ERROR] WebSocket connection to 'ws://localhost:3000/_next/webpack-hmr?id=-WzZpGyDgxgK2yc378-Tw' failed: Error in connection establishment: net::ERR_CONNECTION_REFUSED @ http://localhost:3000/_next/static/chunks/01-b_next_dist_client_1k67ez3._.js:13422
[ 1024595ms] [ERROR] WebSocket connection to 'ws://localhost:3000/_next/webpack-hmr?id=-WzZpGyDgxgK2yc378-Tw' failed: Error in connection establishment: net::ERR_CONNECTION_REFUSED @ http://localhost:3000/_next/static/chunks/01-b_next_dist_client_1k67ez3._.js:13422
[ 1025598ms] [ERROR] WebSocket connection to 'ws://localhost:3000/_next/webpack-hmr?id=-WzZpGyDgxgK2yc378-Tw' failed: Error in connection establishment: net::ERR_CONNECTION_REFUSED @ http://localhost:3000/_next/static/chunks/01-b_next_dist_client_1k67ez3._.js:13422
[ 1030600ms] [ERROR] WebSocket connection to 'ws://localhost:3000/_next/webpack-hmr?id=-WzZpGyDgxgK2yc378-Tw' failed: Error in connection establishment: net::ERR_CONNECTION_REFUSED @ http://localhost:3000/_next/static/chunks/01-b_next_dist_client_1k67ez3._.js:13422
[ 1035604ms] [ERROR] WebSocket connection to 'ws://localhost:3000/_next/webpack-hmr?id=-WzZpGyDgxgK2yc378-Tw' failed: Error in connection establishment: net::ERR_CONNECTION_REFUSED @ http://localhost:3000/_next/static/chunks/01-b_next_dist_client_1k67ez3._.js:13422
[ 1040607ms] [ERROR] WebSocket connection to 'ws://localhost:3000/_next/webpack-hmr?id=-WzZpGyDgxgK2yc378-Tw' failed: Error in connection establishment: net::ERR_CONNECTION_REFUSED @ http://localhost:3000/_next/static/chunks/01-b_next_dist_client_1k67ez3._.js:13422
[ 1045610ms] [ERROR] WebSocket connection to 'ws://localhost:3000/_next/webpack-hmr?id=-WzZpGyDgxgK2yc378-Tw' failed: Error in connection establishment: net::ERR_CONNECTION_REFUSED @ http://localhost:3000/_next/static/chunks/01-b_next_dist_client_1k67ez3._.js:13422
[ 1050614ms] [ERROR] WebSocket connection to 'ws://localhost:3000/_next/webpack-hmr?id=-WzZpGyDgxgK2yc378-Tw' failed: Error in connection establishment: net::ERR_CONNECTION_REFUSED @ http://localhost:3000/_next/static/chunks/01-b_next_dist_client_1k67ez3._.js:13422
[ 1055616ms] [ERROR] WebSocket connection to 'ws://localhost:3000/_next/webpack-hmr?id=-WzZpGyDgxgK2yc378-Tw' failed: Error in connection establishment: net::ERR_CONNECTION_REFUSED @ http://localhost:3000/_next/static/chunks/01-b_next_dist_client_1k67ez3._.js:13422
[ 1060619ms] [ERROR] WebSocket connection to 'ws://localhost:3000/_next/webpack-hmr?id=-WzZpGyDgxgK2yc378-Tw' failed: Error in connection establishment: net::ERR_CONNECTION_REFUSED @ http://localhost:3000/_next/static/chunks/01-b_next_dist_client_1k67ez3._.js:13422
