[     229ms] [INFO] %cDownload the React DevTools for a better development experience: https://react.dev/link/react-devtools font-weight:bold @ http://localhost:3000/_next/static/chunks/01-b_next_dist_0r6dg19._.js:2489
[     244ms] [LOG] [HMR] connected @ http://localhost:3000/_next/static/chunks/01-b_next_dist_0r6dg19._.js:2489
[  247721ms] [LOG] [Fast Refresh] rebuilding @ http://localhost:3000/_next/static/chunks/01-b_next_dist_0r6dg19._.js:2489
[  247748ms] [LOG] [Fast Refresh] done in 31ms @ http://localhost:3000/_next/static/chunks/01-b_next_dist_0r6dg19._.js:2489
[  303569ms] [LOG] [Fast Refresh] rebuilding @ http://localhost:3000/_next/static/chunks/01-b_next_dist_0r6dg19._.js:2489
[  303594ms] [LOG] [Fast Refresh] done in 127ms @ http://localhost:3000/_next/static/chunks/01-b_next_dist_0r6dg19._.js:2489
[  306603ms] [LOG] [Fast Refresh] rebuilding @ http://localhost:3000/_next/static/chunks/01-b_next_dist_0r6dg19._.js:2489
[  306607ms] [LOG] [Fast Refresh] done in 104ms @ http://localhost:3000/_next/static/chunks/01-b_next_dist_0r6dg19._.js:2489
[  306964ms] [LOG] [Fast Refresh] rebuilding @ http://localhost:3000/_next/static/chunks/01-b_next_dist_0r6dg19._.js:2489
[  307007ms] [LOG] [Fast Refresh] done in 144ms @ http://localhost:3000/_next/static/chunks/01-b_next_dist_0r6dg19._.js:2489
[  308429ms] [LOG] [Fast Refresh] rebuilding @ http://localhost:3000/_next/static/chunks/01-b_next_dist_0r6dg19._.js:2489
[  308452ms] [LOG] [Fast Refresh] done in 125ms @ http://localhost:3000/_next/static/chunks/01-b_next_dist_0r6dg19._.js:2489
[  695960ms] [LOG] [Fast Refresh] rebuilding @ http://localhost:3000/_next/static/chunks/01-b_next_dist_0r6dg19._.js:2489
[  695978ms] [LOG] [Fast Refresh] done in 42ms @ http://localhost:3000/_next/static/chunks/01-b_next_dist_0r6dg19._.js:2489
[  696638ms] [LOG] [Fast Refresh] rebuilding @ http://localhost:3000/_next/static/chunks/01-b_next_dist_0r6dg19._.js:2489
[  696668ms] [LOG] [Fast Refresh] done in 49ms @ http://localhost:3000/_next/static/chunks/01-b_next_dist_0r6dg19._.js:2489
[  800144ms] [LOG] [Fast Refresh] rebuilding @ http://localhost:3000/_next/static/chunks/01-b_next_dist_0r6dg19._.js:2489
[  800166ms] [LOG] [Fast Refresh] done in 52ms @ http://localhost:3000/_next/static/chunks/01-b_next_dist_0r6dg19._.js:2489
[  888088ms] [LOG] [Fast Refresh] rebuilding @ http://localhost:3000/_next/static/chunks/01-b_next_dist_0r6dg19._.js:2489
[  888119ms] [LOG] [Fast Refresh] done in 72ms @ http://localhost:3000/_next/static/chunks/01-b_next_dist_0r6dg19._.js:2489
[ 1023516ms] [LOG] [Fast Refresh] rebuilding @ http://localhost:3000/_next/static/chunks/01-b_next_dist_0r6dg19._.js:2489
[ 1023571ms] [LOG] [Fast Refresh] done in 155ms @ http://localhost:3000/_next/static/chunks/01-b_next_dist_0r6dg19._.js:2489
[ 1062017ms] [LOG] [Fast Refresh] rebuilding @ http://localhost:3000/_next/static/chunks/01-b_next_dist_0r6dg19._.js:2489
[ 1062046ms] [LOG] [Fast Refresh] done in 69ms @ http://localhost:3000/_next/static/chunks/01-b_next_dist_0r6dg19._.js:2489
[ 1101258ms] [LOG] [Fast Refresh] rebuilding @ http://localhost:3000/_next/static/chunks/01-b_next_dist_0r6dg19._.js:2489
[ 1101284ms] [LOG] [Fast Refresh] done in 36ms @ http://localhost:3000/_next/static/chunks/01-b_next_dist_0r6dg19._.js:2489
[ 1103112ms] [LOG] [Fast Refresh] rebuilding @ http://localhost:3000/_next/static/chunks/01-b_next_dist_0r6dg19._.js:2489
[ 1103153ms] [LOG] [Fast Refresh] done in 50ms @ http://localhost:3000/_next/static/chunks/01-b_next_dist_0r6dg19._.js:2489
[ 1168331ms] [LOG] [Fast Refresh] rebuilding @ http://localhost:3000/_next/static/chunks/01-b_next_dist_0r6dg19._.js:2489
[ 1168366ms] [LOG] [Fast Refresh] done in 45ms @ http://localhost:3000/_next/static/chunks/01-b_next_dist_0r6dg19._.js:2489
[ 1169402ms] [LOG] [Fast Refresh] rebuilding @ http://localhost:3000/_next/static/chunks/01-b_next_dist_0r6dg19._.js:2489
[ 1169433ms] [LOG] [Fast Refresh] done in 46ms @ http://localhost:3000/_next/static/chunks/01-b_next_dist_0r6dg19._.js:2489
[ 1181882ms] [LOG] [Fast Refresh] rebuilding @ http://localhost:3000/_next/static/chunks/01-b_next_dist_0r6dg19._.js:2489
[ 1181912ms] [LOG] [Fast Refresh] done in 44ms @ http://localhost:3000/_next/static/chunks/01-b_next_dist_0r6dg19._.js:2489
[ 1477602ms] [LOG] [Fast Refresh] rebuilding @ http://localhost:3000/_next/static/chunks/01-b_next_dist_0r6dg19._.js:2489
[ 1477629ms] [LOG] [Fast Refresh] done in 80ms @ http://localhost:3000/_next/static/chunks/01-b_next_dist_0r6dg19._.js:2489
